DEBUG:paramiko.transport:starting thread (client mode): 0x28e10eb8
DEBUG:paramiko.transport:Local version/idstring: SSH-2.0-paramiko_2.7.1
DEBUG:paramiko.transport:Remote version/idstring: SSH-2.0-Cisco-1.25
INFO:paramiko.transport:Connected (version 2.0, client Cisco-1.25)
DEBUG:paramiko.transport:kex algos:['diffie-hellman-group-exchange-sha1', 'diffie-hellman-group14-sha1'] server key:['ssh-rsa'] client encrypt:['aes128-ctr', 'aes192-ctr', 'aes256-ctr'] server encrypt:['aes128-ctr', 'aes192-ctr', 'aes256-ctr'] client mac:['hmac-sha2-256', 'hmac-sha2-512', 'hmac-sha1', 'hmac-sha1-96'] server mac:['hmac-sha2-256', 'hmac-sha2-512', 'hmac-sha1', 'hmac-sha1-96'] client compress:['none'] server compress:['none'] client lang:[''] server lang:[''] kex follows?False
DEBUG:paramiko.transport:Kex agreed: diffie-hellman-group-exchange-sha1
DEBUG:paramiko.transport:HostKey agreed: ssh-rsa
DEBUG:paramiko.transport:Cipher agreed: aes128-ctr
DEBUG:paramiko.transport:MAC agreed: hmac-sha2-256
DEBUG:paramiko.transport:Compression agreed: none
DEBUG:paramiko.transport:Got server p (2048 bits)
DEBUG:paramiko.transport:kex engine KexGex specified hash_algo <built-in function openssl_sha1>
DEBUG:paramiko.transport:Switch to new keys ...
DEBUG:paramiko.transport:Adding ssh-rsa host key for [ios-xe-mgmt-latest.cisco.com]:8181: b'b7e974a8cbf96d464f7be3e12a86d265'
DEBUG:paramiko.transport:userauth is OK
INFO:paramiko.transport:Authentication (password) successful!
DEBUG:paramiko.transport:[chan 0] Max packet in: 32768 bytes
DEBUG:paramiko.transport:[chan 0] Max packet out: 4096 bytes
DEBUG:paramiko.transport:Secsh channel 0 opened.
DEBUG:paramiko.transport:[chan 0] Sesch channel 0 request ok
DEBUG:paramiko.transport:[chan 0] Sesch channel 0 request ok
DEBUG:netmiko:read_channel: 
Welcome to the DevNet Sandbox for CSR1000v and IOS XE

The following programmability features are already enabled:
  - NETCONF
  - RESTCONF

Thanks for stopping by.



csr1000v-1#
DEBUG:netmiko:read_channel: 
DEBUG:netmiko:read_channel: 
DEBUG:netmiko:read_channel: 
DEBUG:netmiko:write_channel: b'\n'
DEBUG:netmiko:read_channel: 
DEBUG:netmiko:read_channel: 
DEBUG:netmiko:write_channel: b'\n'
DEBUG:netmiko:read_channel: 
csr1000v-1#
DEBUG:netmiko:read_channel: 
csr1000v-1#
DEBUG:netmiko:Clear buffer detects data in the channel
DEBUG:netmiko:read_channel: 
DEBUG:netmiko:[find_prompt()]: prompt is csr1000v-1#
DEBUG:netmiko:read_channel: 
DEBUG:netmiko:In disable_paging
DEBUG:netmiko:Command: terminal length 0

DEBUG:netmiko:write_channel: b'terminal length 0\n'
DEBUG:netmiko:Pattern is: terminal\ length\ 0
DEBUG:netmiko:_read_channel_expect read_data: t
DEBUG:netmiko:_read_channel_expect read_data: erminal length 0

DEBUG:netmiko:Pattern found: terminal\ length\ 0 terminal length 0

DEBUG:netmiko:terminal length 0

DEBUG:netmiko:Exiting disable_paging
DEBUG:netmiko:write_channel: b'terminal width 511\n'
DEBUG:netmiko:Pattern is: terminal\ width\ 511
DEBUG:netmiko:_read_channel_expect read_data: csr1000v-1#
DEBUG:netmiko:_read_channel_expect read_data: t
DEBUG:netmiko:_read_channel_expect read_data: erminal width 511
csr1000v-1#
DEBUG:netmiko:Pattern found: terminal\ width\ 511 csr1000v-1#terminal width 511
csr1000v-1#
DEBUG:netmiko:read_channel: 
DEBUG:netmiko:write_channel: b'\n'
DEBUG:netmiko:Pattern is: csr1000v\-1
DEBUG:netmiko:_read_channel_expect read_data: 

DEBUG:netmiko:_read_channel_expect read_data: csr1000v-1#
DEBUG:netmiko:Pattern found: csr1000v\-1 
csr1000v-1#
DEBUG:netmiko:read_channel: 
DEBUG:netmiko:write_channel: b'\n'
DEBUG:netmiko:read_channel: 
DEBUG:netmiko:read_channel: 
DEBUG:netmiko:write_channel: b'\n'
DEBUG:netmiko:read_channel: 
csr1000v-1#
DEBUG:netmiko:read_channel: 
csr1000v-1#
DEBUG:netmiko:Clear buffer detects data in the channel
DEBUG:netmiko:read_channel: 
DEBUG:netmiko:[find_prompt()]: prompt is csr1000v-1#
DEBUG:netmiko:read_channel: 
DEBUG:netmiko:write_channel: b'sh run\n'
DEBUG:netmiko:Pattern is: sh\ run
DEBUG:netmiko:_read_channel_expect read_data: s
DEBUG:netmiko:_read_channel_expect read_data: h run
Building configuration...

DEBUG:netmiko:Pattern found: sh\ run sh run
Building configuration...

DEBUG:netmiko:read_channel: 
Current configuration : 7077 bytes
!
! Last configuration change at 18:50:24 UTC Mon Apr 27 2020 by developer
!
version 16.11
service timestamps debug datetime msec
service timestamps log datetime msec
service call-home
platform qfp utilization monitor load 80
no platform punt-keepalive disable-kernel-core
platform console virtual
!
hostname csr1000v-1
!
boot-start-marker
boot-end-marker
!
!
no logging console
enable secret 9 $9$PvdeTeuxxh0ygk$PSg0GTG2I7bluI51e.IvfEu2uxy56e/9/PgqzFUklso
!
no aaa new-model
call-home
 ! If contact email address in call-home is configured as sch-smart-licensing@cisco.com
 ! the email address configured in Cisco Smart License Portal will be used as contact email address to send SCH notifications.
 contact-email-addr sch-smart-licensing@cisco.com
 profile "CiscoTAC-1"
  active
  destination transport-method http
  no destination transport-method email
!
!
!
!
!
!
!
ip domain name abc.inc
!
!
!
login on-success log
!
!
!
!
!
!
!
subscriber templating
! 
! 
! 
! 
!
!
!
flow record test
 match ipv4 source address
 match ipv4 destination address
!
!
flow exporter test
 destination 10.10.10.10
!
!
flow monitor test
 exporter test
 record test
!
multilink bundle-name authenticated
!
!
!
!
!
!
!
!
!
!
!
!
!
crypto pki trustpoint TP-self-signed-1059130051
 enrollment selfsigned
 subject-name cn=IOS-Self-Signed-Certificate-1059130051
 revocation-check none
 rsakeypair TP-self-signed-1059130051
!
crypto pki trustpoint SLA-TrustPoint
 enrollment pkcs12
 revocation-check crl
!
!
crypto pki certificate chain TP-self-signed-1059130051
 certificate self-signed 01
  30820330 30820218 A0030201 02020101 300D0609 2A864886 F70D0101 05050030 
  31312F30 2D060355 04031326 494F532D 53656C66 2D536967 6E65642D 43657274 
  69666963 6174652D 31303539 31333030 3531301E 170D3139 30353135 31353532 
  34345A17 0D333030 31303130 30303030 305A3031 312F302D 06035504 03132649 
  4F532D53 656C662D 5369676E 65642D43 65727469 66696361 74652D31 30353931 
  33303035 31308201 22300D06 092A8648 86F70D01 01010500 0382010F 00308201 
  0A028201 01009DB5 CB46A2CB EF798209 B9E60F24 2AD4F63B 7FAD32C9 DF508833 
  27FE8781 CEBE363E 98BC68CB BA681F3A 0C040D0E 138CB708 A63FC4A3 C89DF4F8 
  7CEA5995 E2ED50A7 AD593D54 95F91777 63F014AB AA24DC69 94219D45 80C69618 
  D7353920 3FF45907 A639EC6B 32ED18D5 C943BF84 BCF0EDC6 C9DA7D92 3FA2E781 
  4430FC04 94DC7E36 EB55D92A 87996A0B 53139F6D 980F37DC 1FD6A908 9530A59C 
  024C3937 8FC6B165 6DDD78AA CBDE26B6 22A3B2CF 1617367F 64F56E10 056873D3 
  61BAF65D 9C94D472 3A43EE5B 297DEAB7 5AF892D4 1884C715 BB561B42 D4F22E74 
  7DEC1BB3 D8FCD37E E5682FF2 60061E76 DD1BDCEE 0C479896 A013E99D 81C58863 
  46BE7467 F4150203 010001A3 53305130 0F060355 1D130101 FF040530 030101FF 
  301F0603 551D2304 18301680 14A036FC 136C015A DA5E90D7 4CA8FCCA 0FD3AB11 
  4E301D06 03551D0E 04160414 A036FC13 6C015ADA 5E90D74C A8FCCA0F D3AB114E 
  300D0609 2A864886 F70D0101 05050003 82010100 125F8C6F 10160B1C CA98F2D9 
  34060A9A 2C852783 74940351 A5C3DCC4 18C56177 201DB0FF FD36B74E CC837517 
  2131BD4B 221F0821 A936D2CA DC9A73A9 0D1880FD F20C4E92 7B749C16 D2B3BC2D 
  7F65B575 44B9A198 FE4F294C A644D77A E68BC8E6 0E0B8223 E20752A5 B1DD7F94 
  C648B50E 383DE28C 8CBE7144 9737DF7E 562F4937 F981558F 6628D7E9 D92CD668 
  783DA025 9547FFC8 3F850FF5 6307126D 8D7AC8F6 BBA1915C F4A3AF91 C8D4BC29 
  7F4B5902 F77E0135 9C91120B 8AF47B45 AF71BB7E FCCEF0CF 20266FA8 DD032D0A 
  1909438C B48A4378 42C78B33 84B3C73D 7B847DBD 7F540522 4F708603 666D8609 
  11D3D218 05E1A2BF C98EDE32 7F9F0937 DBAF8AA9
  	quit
crypto pki certificate chain SLA-TrustPoint
 certificate ca 01
  30820321 30820209 A0030201 02020101 300D0609 2A864886 F70D0101 0B050030 
  32310E30 0C060355 040A1305 43697363 6F312030 1E060355 04031317 43697363 
  6F204C69 63656E73 696E6720 526F6F74 20434130 1E170D31 33303533 30313934 
  3834375A 170D3338 30353330 31393438 34375A30 32310E30 0C060355 040A1305 
  43697363 6F312030 1E060355 04031317 43697363 6F204C69 63656E73 696E6720 
  526F6F74 20434130 82012230 0D06092A 864886F7 0D010101 05000382 010F0030 
  82010A02 82010100 A6BCBD96 131E05F7 145EA72C 2CD686E6 17222EA1 F1EFF64D 
  CBB4C798 212AA147 C655D8D7 9471380D 8711441E 1AAF071A 9CAE6388 8A38E520 
  1C394D78 462EF239 C659F715 B98C0A59 5BBB5CBD 0CFEBEA3 700A8BF7 D8F256EE 
  4AA4E80D DB6FD1C9 60B1FD18 FFC69C96 6FA68957 A2617DE7 104FDC5F EA2956AC 
  7390A3EB 2B5436AD C847A2C5 DAB553EB 69A9A535 58E9F3E3 C0BD23CF 58BD7188 
  68E69491 20F320E7 948E71D7 AE3BCC84 F10684C7 4BC8E00F 539BA42B 42C68BB7 
  C7479096 B4CB2D62 EA2F505D C7B062A4 6811D95B E8250FC4 5D5D5FB8 8F27D191 
  C55F0D76 61F9A4CD 3D992327 A8BB03BD 4E6D7069 7CBADF8B DF5F4368 95135E44 
  DFC7C6CF 04DD7FD1 02030100 01A34230 40300E06 03551D0F 0101FF04 04030201 
  06300F06 03551D13 0101FF04 05300301 01FF301D 0603551D 0E041604 1449DC85 
  4B3D31E5 1B3E6A17 606AF333 3D3B4C73 E8300D06 092A8648 86F70D01 010B0500 
  03820101 00507F24 D3932A66 86025D9F E838AE5C 6D4DF6B0 49631C78 240DA905 
  604EDCDE FF4FED2B 77FC460E CD636FDB DD44681E 3A5673AB 9093D3B1 6C9E3D8B 
  D98987BF E40CBD9E 1AECA0C2 2189BB5C 8FA85686 CD98B646 5575B146 8DFC66A8 
  467A3DF4 4D565700 6ADF0F0D CF835015 3C04FF7C 21E878AC 11BA9CD2 55A9232C 
  7CA7B7E6 C1AF74F6 152E99B7 B1FCF9BB E973DE7F 5BDDEB86 C71E3B49 1765308B 
  5FB0DA06 B92AFE7F 494E8A9E 07B85737 F3A58BE1 1A48A229 C37C1E69 39F08678 
  80DDCD16 D6BACECA EEBC7CF9 8428787B 35202CDC 60E4616A B623CDBD 230E3AFB 
  418616A9 4093E049 4D10AB75 27E86F73 932E35B5 8862FDAE 0275156F 719BB2F0 
  D697DF7F 28
  	quit
!
license udi pid CSR1000V sn 9LSPFIEMF03
license boot level ax
diagnostic bootup level minimal
!
spanning-tree extend system-id
memory free low-watermark processor 80557
!
netconf-yang
!
restconf
!
username developer privilege 15 secret 9 $9$fhUXi6Xg438iAE$..VhXRCHiDQy3K2zmZUl9iZLbQJ9wpUtQZwQxSRESc2
username cisco privilege 15 secret 9 $9$COf3Q4xfzT.JxE$L3hvSkDv874Qrh8Hzdv/rPQjLNOjreYG2ocffHG7rls
username root privilege 15 secret 9 $9$FfUDIPBFcs03AE$MyLIWEuiRle8p3yGflAGTcrJA6BUUh/oWtyyfoMQXSI
!
redundancy
!
!
!
!
!
!
! 
!
!
!
!
!
!
crypto isakmp policy 12
 encr aes 256
!
!
!
!
!
!
!
! 
! 
!
!
interface GigabitEthernet1
 description MANAGEMENT INTERFACE - DON'T TOUCH ME
 ip address 10.10.20.48 255.255.255.0
 negotiation auto
 no mop enabled
 no mop sysid
!
interface GigabitEthernet2
 description Network Interface
 ip flow monitor test input
 ip address 20.20.20.20 255.255.255.0
 negotiation auto
 no mop enabled
 no mop sysid
!
interface GigabitEthernet3
 description Network Interface
 no ip address
 shutdown
 negotiation auto
 no mop enabled
 no mop sysid
!
ip forward-protocol nd
ip http server
ip http authentication local
ip http secure-server
ip route 0.0.0.0 0.0.0.0 GigabitEthernet1 10.10.20.254
!
ip ssh rsa keypair-name ssh-key
ip ssh version 2
ip scp server enable
!
!
!
!
!
!
!
control-plane
!
!
!
!
!
banner motd ^C
Welcome to the DevNet Sandbox for CSR1000v and IOS XE

The following programmability features are already enabled:
  - NETCONF
  - RESTCONF

Thanks for stopping by.
^C
!
line con 0
 exec-timeout 0 0
 stopbits 1
line vty 0 4
 login local
 transport input ssh
!
!
!
!
!
!
end

csr1000v-1#
DEBUG:netmiko:write_channel: b'\n'
DEBUG:netmiko:read_channel: 
DEBUG:netmiko:read_channel: 
csr1000v-1#
DEBUG:netmiko:read_channel: 
DEBUG:netmiko:read_channel: 
DEBUG:netmiko:write_channel: b'exit\n'
DEBUG:paramiko.transport:EOF in transport thread
DEBUG:paramiko.transport:starting thread (client mode): 0x25b26f60
DEBUG:paramiko.transport:Local version/idstring: SSH-2.0-paramiko_2.7.1
DEBUG:paramiko.transport:starting thread (client mode): 0x25b26e48
DEBUG:paramiko.transport:Local version/idstring: SSH-2.0-paramiko_2.7.1
DEBUG:paramiko.transport:Remote version/idstring: SSH-2.0-Cisco-1.25
INFO:paramiko.transport:Connected (version 2.0, client Cisco-1.25)
DEBUG:paramiko.transport:Remote version/idstring: SSH-2.0-Cisco-1.25
DEBUG:paramiko.transport:kex algos:['diffie-hellman-group-exchange-sha1', 'diffie-hellman-group14-sha1'] server key:['ssh-rsa'] client encrypt:['aes128-ctr', 'aes192-ctr', 'aes256-ctr'] server encrypt:['aes128-ctr', 'aes192-ctr', 'aes256-ctr'] client mac:['hmac-sha2-256', 'hmac-sha2-512', 'hmac-sha1', 'hmac-sha1-96'] server mac:['hmac-sha2-256', 'hmac-sha2-512', 'hmac-sha1', 'hmac-sha1-96'] client compress:['none'] server compress:['none'] client lang:[''] server lang:[''] kex follows?False
INFO:paramiko.transport:Connected (version 2.0, client Cisco-1.25)
DEBUG:paramiko.transport:Kex agreed: diffie-hellman-group-exchange-sha1
DEBUG:paramiko.transport:HostKey agreed: ssh-rsa
DEBUG:paramiko.transport:Cipher agreed: aes128-ctr
DEBUG:paramiko.transport:MAC agreed: hmac-sha2-256
DEBUG:paramiko.transport:Compression agreed: none
DEBUG:paramiko.transport:kex algos:['diffie-hellman-group-exchange-sha1', 'diffie-hellman-group14-sha1'] server key:['ssh-rsa'] client encrypt:['aes128-ctr', 'aes192-ctr', 'aes256-ctr'] server encrypt:['aes128-ctr', 'aes192-ctr', 'aes256-ctr'] client mac:['hmac-sha2-256', 'hmac-sha2-512', 'hmac-sha1', 'hmac-sha1-96'] server mac:['hmac-sha2-256', 'hmac-sha2-512', 'hmac-sha1', 'hmac-sha1-96'] client compress:['none'] server compress:['none'] client lang:[''] server lang:[''] kex follows?False
DEBUG:paramiko.transport:Kex agreed: diffie-hellman-group-exchange-sha1
DEBUG:paramiko.transport:HostKey agreed: ssh-rsa
DEBUG:paramiko.transport:Cipher agreed: aes128-ctr
DEBUG:paramiko.transport:MAC agreed: hmac-sha2-256
DEBUG:paramiko.transport:Compression agreed: none
DEBUG:paramiko.transport:Got server p (2048 bits)
DEBUG:paramiko.transport:Got server p (2048 bits)
DEBUG:paramiko.transport:kex engine KexGex specified hash_algo <built-in function openssl_sha1>
DEBUG:paramiko.transport:Switch to new keys ...
DEBUG:paramiko.transport:Adding ssh-rsa host key for [ios-xe-mgmt.cisco.com]:8181: b'17c15cb6032a1610ca0964464cd0c8d4'
DEBUG:paramiko.transport:kex engine KexGex specified hash_algo <built-in function openssl_sha1>
DEBUG:paramiko.transport:Switch to new keys ...
DEBUG:paramiko.transport:Adding ssh-rsa host key for [ios-xe-mgmt-latest.cisco.com]:8181: b'b7e974a8cbf96d464f7be3e12a86d265'
DEBUG:paramiko.transport:userauth is OK
DEBUG:paramiko.transport:userauth is OK
INFO:paramiko.transport:Authentication (password) successful!
DEBUG:paramiko.transport:[chan 0] Max packet in: 32768 bytes
INFO:paramiko.transport:Authentication (password) successful!
DEBUG:paramiko.transport:[chan 0] Max packet in: 32768 bytes
DEBUG:paramiko.transport:[chan 0] Max packet out: 4096 bytes
DEBUG:paramiko.transport:Secsh channel 0 opened.
DEBUG:paramiko.transport:[chan 0] Max packet out: 4096 bytes
DEBUG:paramiko.transport:Secsh channel 0 opened.
DEBUG:paramiko.transport:[chan 0] Sesch channel 0 request ok
DEBUG:paramiko.transport:[chan 0] Sesch channel 0 request ok
DEBUG:paramiko.transport:[chan 0] Sesch channel 0 request ok
DEBUG:paramiko.transport:[chan 0] Sesch channel 0 request ok
DEBUG:netmiko:read_channel: 


csr1000v#
DEBUG:netmiko:read_channel: 
Welcome to the DevNet Sandbox for CSR1000v and IOS XE

The following programmability features are already enabled:
  - NETCONF
  - RESTCONF

Thanks for stopping by.



csr1000v-1#
DEBUG:netmiko:read_channel: 
DEBUG:netmiko:read_channel: 
DEBUG:netmiko:read_channel: 
DEBUG:netmiko:read_channel: 
DEBUG:netmiko:read_channel: 
DEBUG:netmiko:write_channel: b'\n'
DEBUG:netmiko:read_channel: 
DEBUG:netmiko:write_channel: b'\n'
DEBUG:netmiko:read_channel: 
DEBUG:netmiko:read_channel: 
DEBUG:netmiko:write_channel: b'\n'
DEBUG:netmiko:read_channel: 
DEBUG:netmiko:read_channel: 
DEBUG:netmiko:write_channel: b'\n'
DEBUG:netmiko:read_channel: 
csr1000v#
DEBUG:netmiko:read_channel: 
csr1000v-1#
DEBUG:netmiko:read_channel: 
csr1000v#
DEBUG:netmiko:Clear buffer detects data in the channel
DEBUG:netmiko:read_channel: 
csr1000v-1#
DEBUG:netmiko:Clear buffer detects data in the channel
DEBUG:netmiko:read_channel: 
DEBUG:netmiko:[find_prompt()]: prompt is csr1000v#
DEBUG:netmiko:read_channel: 
DEBUG:netmiko:[find_prompt()]: prompt is csr1000v-1#
DEBUG:netmiko:read_channel: 
DEBUG:netmiko:In disable_paging
DEBUG:netmiko:Command: terminal length 0

DEBUG:netmiko:write_channel: b'terminal length 0\n'
DEBUG:netmiko:Pattern is: terminal\ length\ 0
DEBUG:netmiko:read_channel: 
DEBUG:netmiko:In disable_paging
DEBUG:netmiko:Command: terminal length 0

DEBUG:netmiko:write_channel: b'terminal length 0\n'
DEBUG:netmiko:Pattern is: terminal\ length\ 0
DEBUG:netmiko:_read_channel_expect read_data: t
DEBUG:netmiko:_read_channel_expect read_data: te
DEBUG:netmiko:_read_channel_expect read_data: erminal 
DEBUG:netmiko:_read_channel_expect read_data: rminal length 0
csr1000v-1#
DEBUG:netmiko:Pattern found: terminal\ length\ 0 terminal length 0
csr1000v-1#
DEBUG:netmiko:terminal length 0
csr1000v-1#
DEBUG:netmiko:Exiting disable_paging
DEBUG:netmiko:write_channel: b'terminal width 511\n'
DEBUG:netmiko:Pattern is: terminal\ width\ 511
DEBUG:netmiko:_read_channel_expect read_data: le
DEBUG:netmiko:_read_channel_expect read_data: t
DEBUG:netmiko:_read_channel_expect read_data: n
DEBUG:netmiko:_read_channel_expect read_data: erminal width 511
csr1000v-1#
DEBUG:netmiko:Pattern found: terminal\ width\ 511 terminal width 511
csr1000v-1#
DEBUG:netmiko:_read_channel_expect read_data: g
DEBUG:netmiko:_read_channel_expect read_data: t
DEBUG:netmiko:_read_channel_expect read_data: h 0
DEBUG:netmiko:Pattern found: terminal\ length\ 0 terminal length 0
DEBUG:netmiko:terminal length 0
DEBUG:netmiko:Exiting disable_paging
DEBUG:netmiko:write_channel: b'terminal width 511\n'
DEBUG:netmiko:Pattern is: terminal\ width\ 511
DEBUG:netmiko:_read_channel_expect read_data: 

DEBUG:netmiko:read_channel: 
DEBUG:netmiko:write_channel: b'\n'
DEBUG:netmiko:Pattern is: csr1000v\-1
DEBUG:netmiko:_read_channel_expect read_data: csr1000v#te
DEBUG:netmiko:_read_channel_expect read_data: 

DEBUG:netmiko:_read_channel_expect read_data: rminal wid
DEBUG:netmiko:_read_channel_expect read_data: csr1000v-1#
DEBUG:netmiko:Pattern found: csr1000v\-1 
csr1000v-1#
DEBUG:netmiko:read_channel: 
DEBUG:netmiko:write_channel: b'\n'
DEBUG:netmiko:read_channel: 
DEBUG:netmiko:read_channel: 
DEBUG:netmiko:write_channel: b'\n'
DEBUG:netmiko:read_channel: 
csr1000v-1#
DEBUG:netmiko:read_channel: 
csr1000v-1#
DEBUG:netmiko:Clear buffer detects data in the channel
DEBUG:netmiko:read_channel: 
DEBUG:netmiko:[find_prompt()]: prompt is csr1000v-1#
DEBUG:netmiko:_read_channel_expect read_data: t
DEBUG:netmiko:read_channel: 
DEBUG:netmiko:write_channel: b'sh run\n'
DEBUG:netmiko:Pattern is: sh\ run
DEBUG:netmiko:_read_channel_expect read_data: h 511
csr1000v#
DEBUG:netmiko:Pattern found: terminal\ width\ 511 
csr1000v#terminal width 511
csr1000v#
DEBUG:netmiko:_read_channel_expect read_data: sh
DEBUG:netmiko:_read_channel_expect read_data:  run
Building configuration...

DEBUG:netmiko:Pattern found: sh\ run sh run
Building configuration...

DEBUG:netmiko:read_channel: 
DEBUG:netmiko:write_channel: b'\n'
DEBUG:netmiko:Pattern is: csr1000v
DEBUG:netmiko:read_channel: 
Current configuration : 7089 bytes
!
! Last configuration change at 19:02:56 UTC Mon Apr 27 2020 by developer
!
version 16.11
service timestamps debug datetime msec
service timestamps log datetime msec
service call-home
platform qfp utilization monitor load 80
no platform punt-keepalive disable-kernel-core
platform console virtual
!
hostname csr1000v-1
!
boot-start-marker
boot-end-marker
!
!
no logging console
enable secret 9 $9$PvdeTeuxxh0ygk$PSg0GTG2I7bluI51e.IvfEu2uxy56e/9/PgqzFUklso
!
no aaa new-model
call-home
 ! If contact email address in call-home is configured as sch-smart-licensing@cisco.com
 ! the email address configured in Cisco Smart License Portal will be used as contact email address to send SCH notifications.
 contact-email-addr sch-smart-licensing@cisco.com
 profile "CiscoTAC-1"
  active
  destination transport-method http
  no destination transport-method email
!
!
!
!
!
!
!
ip domain name abc.inc
!
!
!
login on-success log
!
!
!
!
!
!
!
subscriber templating
! 
! 
! 
! 
!
!
!
flow record test
 match ipv4 source address
 match ipv4 destination address
!
!
flow exporter test
 destination 10.10.10.10
!
!
flow monitor test
 exporter test
 record test
!
multilink bundle-name authenticated
!
!
!
!
!
!
!
!
!
!
!
!
!
crypto pki trustpoint TP-self-signed-1059130051
 enrollment selfsigned
 subject-name cn=IOS-Self-Signed-Certificate-1059130051
 revocation-check none
 rsakeypair TP-self-signed-1059130051
!
crypto pki trustpoint SLA-TrustPoint
 enrollment pkcs12
 revocation-check crl
!
!
crypto pki certificate chain TP-self-signed-1059130051
 certificate self-signed 01
  30820330 30820218 A0030201 02020101 300D0609 2A864886 F70D0101 05050030 
  31312F30 2D060355 04031326 494F532D 53656C66 2D536967 6E65642D 43657274 
  69666963 6174652D 31303539 31333030 3531301E 170D3139 30353135 31353532 
  34345A17 0D333030 31303130 30303030 305A3031 312F302D 06035504 03132649 
  4F532D53 656C662D 5369676E 65642D43 65727469 66696361 74652D31 30353931 
  33303035 31308201 22300D06 092A8648 86F70D01 01010500 0382010F 00308201 
  0A028201 01009DB5 CB46A2CB EF798209 B9E60F24 2AD4F63B 7FAD32C9 DF508833 
  27FE8781 CEBE363E 98BC68CB BA681F3A 0C040D0E 138CB708 A63FC4A3 C89DF4F8 
  7CEA5995 E2ED50A7 AD593D54 95F91777 63F014AB AA24DC69 94219D45 80C69618 
  D7353920 3FF45907 A639EC6B 32ED18D5 C943BF84 BCF0EDC6 C9DA7D92 3FA2E781 
  4430FC04 94DC7E36 EB55D92A 87996A0B 53139F6D 980F37DC 1FD6A908 9530A59C 
  024C3937 8FC6B165 6DDD78AA CBDE26B6 22A3B2CF 1617367F 64F56E10 056873D3 
  61BAF65D 9C94D472 3A43EE5B 297DEAB7 5AF892D4 1884C715 BB561B42 D4F22E74 
  7DEC1BB3 D8FCD37E E5682FF2 60061E76 DD1BDCEE 0C479896 A013E99D 81C58863 
  46BE7467 F4150203 010001A3 53305130 0F060355 1D130101 FF040530 030101FF 
  301F0603 551D2304 18301680 14A036FC 136C015A DA5E90D7 4CA8FCCA 0FD3AB11 
  4E301D06 03551D0E 04160414 A036FC13 6C015ADA 5E90D74C A8FCCA0F D3AB114E 
  300D0609 2A864886 F70D0101 05050003 82010100 125F8C6F 10160B1C CA98F2D9 
  34060A9A 2C852783 74940351 A5C3DCC4 18C56177 201DB0FF FD36B74E CC837517 
  2131BD4B 221F0821 A936D2CA DC9A73A9 0D1880FD F20C4E92 7B749C16 D2B3BC2D 
  7F65B575 44B9A198 FE4F294C A644D77A E68BC8E6 0E0B8223 E20752A5 B1DD7F94 
  C648B50E 383DE28C 8CBE7144 9737DF7E 562F4937 F981558F 6628D7E9 D92CD668 
  783DA025 9547FFC8 3F850FF5 6307126D 8D7AC8F6 BBA1915C F4A3AF91 C8D4BC29 
  7F4B5902 F77E0135 9C91120B 8AF47B45 AF71BB7E FCCEF0CF 20266FA8 DD032D0A 
  1909438C B48A4378 42C78B33 84B3C73D 7B847DBD 7F540522 4F708603 666D8609 
  11D3D218 05E1A2BF C98EDE32 7F9F0937 DBAF8AA9
  	quit
crypto pki certificate chain SLA-TrustPoint
 certificate ca 01
  30820321 30820209 A0030201 02020101 300D0609 2A864886 F70D0101 0B050030 
  32310E30 0C060355 040A1305 43697363 6F312030 1E060355 04031317 43697363 
  6F204C69 63656E73 696E6720 526F6F74 20434130 1E170D31 33303533 30313934 
  3834375A 170D3338 30353330 31393438 34375A30 32310E30 0C060355 040A1305 
  43697363 6F312030 1E060355 04031317 43697363 6F204C69 63656E73 696E6720 
  526F6F74 20434130 82012230 0D06092A 864886F7 0D010101 05000382 010F0030 
  82010A02 82010100 A6BCBD96 131E05F7 145EA72C 2CD686E6 17222EA1 F1EFF64D 
  CBB4C798 212AA147 C655D8D7 9471380D 8711441E 1AAF071A 9CAE6388 8A38E520 
  1C394D78 462EF239 C659F715 B98C0A59 5BBB5CBD 0CFEBEA3 700A8BF7 D8F256EE 
  4AA4E80D DB6FD1C9 60B1FD18 FFC69C96 6FA68957 A2617DE7 104FDC5F EA2956AC 
  7390A3EB 2B5436AD C847A2C5 DAB553EB 69A9A535 58E9F3E3 C0BD23CF 58BD7188 
  68E69491 20F320E7 948E71D7 AE3BCC84 F10684C7 4BC8E00F 539BA42B 42C68BB7 
  C7479096 B4CB2D62 EA2F505D C7B062A4 6811D95B E8250FC4 5D5D5FB8 8F27D191 
  C55F0D76 61F9A4CD 3D992327 A8BB03BD 4E6D7069 7CBADF8B DF5F4368 95135E44 
  DFC7C6CF 04DD7FD1 02030100 01A34230 40300E06 03551D0F 0101FF04 04030201 
  06300F06 03551D13 0101FF04 05300301 01FF301D 0603551D 0E041604 1449DC85 
  4B3D31E5 1B3E6A17 606AF333 3D3B4C73 E8300D06 092A8648 86F70D01 010B0500 
  03820101 00507F24 D3932A66 86025D9F E838AE5C 6D4DF6B0 49631C78 240DA905 
  604EDCDE FF4FED2B 77FC460E CD636FDB DD44681E 3A5673AB 9093D3B1 6C9E3D8B 
  D98987BF E40CBD9E 1AECA0C2 2189BB5C 8FA85686 CD98B646 5575B146 8DFC66A8 
  467A3DF4 4D565700 6ADF0F0D CF835015 3C04FF7C 21E878AC 11BA9CD2 55A9232C 
  7CA7B7E6 C1AF74F6 152E99B7 B1FCF9BB E973DE7F 5BDDEB86 C71E3B49 1765308B 
  5FB0DA06 B92AFE7F 494E8A9E 07B85737 F3A58BE1 1A48A229 C37C1E69 39F08678 
  80DDCD16 D6BACECA EEBC7CF9 8428787B 35202CDC 60E4616A B623CDBD 230E3AFB 
  418616A9 4093E049 4D10AB75 27E86F73 932E35B5 8862FDAE 0275156F 719BB2F0 
  D697DF7F 28
  	quit
!
license udi pid CSR1000V sn 9LSPFIEMF03
license boot level ax
diagnostic bootup level minimal
!
spanning-tree extend system-id
memory free low-watermark processor 80557
!
netconf-yang
!
restconf
!
username developer privilege 15 secret 9 $9$fhUXi6Xg438iAE$..VhXRCHiDQy3K2zmZUl9iZLbQJ9wpUtQZwQxSRESc2
username cisco privilege 15 secret 9 $9$COf3Q4xfzT.JxE$L3hvSkDv874Qrh8Hzdv/rPQjLNOjreYG2ocffHG7rls
username root privilege 15 secret 9 $9$FfUDIPBFcs03AE$MyLIWEuiRle8p3yGflAGTcrJA6BUUh/oWtyyfoMQXSI
!
redundancy
!
!
!
!
!
!
! 
!
!
!
!
!
!
crypto isakmp policy 12
 encr aes 256
!
!
!
!
!
!
!
! 
! 
!
!
interface GigabitEthernet1
 description MANAGEMENT INTERFACE - DON'T TOUCH ME
 ip address 10.10.20.48 255.255.255.0
 negotiation auto
 no mop enabled
 no mop sysid
!
interface GigabitEthernet2
 description Network Interface
 ip flow monitor test input
 ip address 20.20.20.20 255.255.255.0
 negotiation auto
 no mop enabled
 no mop sysid
!
interface GigabitEthernet3
 description Network Interface
 no ip address
 shutdown
 negotiation auto
 no mop enabled
 no mop sysid
!
ip forward-protocol nd
ip http server
ip http authentication local
ip http secure-server
ip route 0.0.0.0 0.0.0.0 GigabitEthernet1 10.10.20.254
!
ip ssh rsa keypair-name ssh-key
ip ssh version 2
ip scp server enable
!
!
!
!
!
!
!
control-plane
!
!
!
!
!
banner motd ^C
Welcome to the DevNet Sandbox for CSR1000v and IOS XE

The following programmability features are already enabled:
  - NETCONF
  - RESTCONF

Thanks for stopping by.
^C
!
line con 0
 exec-timeout 0 0
 stopbits 1
line vty 0 4
 login local
 transport input ssh
!
netconf ssh
!
!
!
!
!
end

csr1000v-1#
DEBUG:netmiko:write_channel: b'\n'
DEBUG:netmiko:read_channel: 
DEBUG:netmiko:_read_channel_expect read_data: 
csr1000v#
DEBUG:netmiko:Pattern found: csr1000v 
csr1000v#
DEBUG:netmiko:read_channel: 
DEBUG:netmiko:write_channel: b'\n'
DEBUG:netmiko:read_channel: 
DEBUG:netmiko:read_channel: 
DEBUG:netmiko:write_channel: b'\n'
DEBUG:netmiko:read_channel: 
csr1000v#
DEBUG:netmiko:read_channel: 
csr1000v#
DEBUG:netmiko:Clear buffer detects data in the channel
DEBUG:netmiko:read_channel: 
DEBUG:netmiko:[find_prompt()]: prompt is csr1000v#
DEBUG:netmiko:read_channel: 
DEBUG:netmiko:write_channel: b'sh run\n'
DEBUG:netmiko:Pattern is: sh\ run
DEBUG:netmiko:_read_channel_expect read_data: s
DEBUG:netmiko:_read_channel_expect read_data: h 
DEBUG:netmiko:_read_channel_expect read_data: r
DEBUG:netmiko:_read_channel_expect read_data: u
DEBUG:netmiko:_read_channel_expect read_data: n
DEBUG:netmiko:Pattern found: sh\ run sh run
DEBUG:netmiko:read_channel: 
Building configuration...

DEBUG:netmiko:read_channel: 
csr1000v-1#
DEBUG:netmiko:read_channel: 
DEBUG:netmiko:read_channel: 
DEBUG:netmiko:read_channel: 
DEBUG:netmiko:read_channel: 
DEBUG:netmiko:read_channel: 
DEBUG:netmiko:read_channel: 
DEBUG:netmiko:read_channel: 
DEBUG:netmiko:read_channel: 
DEBUG:netmiko:read_channel: 
DEBUG:netmiko:read_channel: 
DEBUG:netmiko:read_channel: 
Current configuration : 5797 bytes
!
! Last configuration change at 18:59:39 GMT Mon Apr 27 2020 by root
!
version 16.9
service timestamps debug datetime msec
service timestamps log datetime msec
platform qfp utilization monitor load 80
no platform punt-keepalive disable-kernel-core
platform console virtual
!
hostname csr1000v
!
boot-start-marker
boot-end-marker
!
!
no logging console
enable secret 5 $1$gkJ1$EofN9ajW9k18SoRTgkhYr/
!
no aaa new-model
clock timezone GMT 0 0
!
!
!
!
!
!
!
ip name-server 8.8.8.8
ip domain name abc.inc
!
!
!
login on-success log
!
!
!
!
!
!
!
subscriber templating
! 
! 
! 
! 
!
multilink bundle-name authenticated
!
!
!
!
!
crypto pki trustpoint TP-self-signed-4272277210
 enrollment selfsigned
 subject-name cn=IOS-Self-Signed-Certificate-4272277210
 revocation-check none
 rsakeypair TP-self-signed-4272277210
!
crypto pki trustpoint TP-self-signed-1530096085
 enrollment selfsigned
 subject-name cn=IOS-Self-Signed-Certificate-1530096085
 revocation-check none
 rsakeypair TP-self-signed-1530096085
!
!
crypto pki certificate chain TP-self-signed-4272277210
 certificate self-signed 05
  30820330 30820218 A0030201 02020105 300D0609 2A864886 F70D0101 05050030 
  31312F30 2D060355 04031326 494F532D 53656C66 2D536967 6E65642D 43657274 
  69666963 6174652D 34323732 32373732 3130301E 170D3230 30343233 31373533 
  34345A17 0D333030 31303130 30303030 305A3031 312F302D 06035504 03132649 
  4F532D53 656C662D 5369676E 65642D43 65727469 66696361 74652D34 32373232 
  37373231 30308201 22300D06 092A8648 86F70D01 01010500 0382010F 00308201 
  0A028201 01009858 89579EA7 C4B95ED7 D6CD3A7A A9ADF9C1 9EF42C45 D788A4E2 
  964CDE70 75E6B6CE 46F321C1 C8AD946B 1EE00F5E A5E37099 6044BE23 C1562BB9 
  A4BDE926 6B09AEA4 F9F9B5C8 1D6AAE97 2889882D 88F9EC7F FC2810C3 20DDD4D0 
  400C5DB4 81C22510 0A109315 657B62DE 5A560E76 D0EC83F7 844C6E55 71603C71 
  5207BE5D 968AA0C1 C742F41D B133A70C 1DC0031D BDC9FD03 F299849B 6A072C55 
  6A154E73 62F37851 07C311E5 69E58BBB 6116231E 62653585 6BDBED2F 5E6CF5DF 
  5419C112 00BDE251 304932EE 6E3C9FA0 1AF4EB1A 9936A04C B416870D F2289C62 
  8C0F8640 087C125E FB0EC183 D4A9A55A 25644578 D9F369DD B3A4B1E4 2771CB50 
  6AE2A7CD B04D0203 010001A3 53305130 0F060355 1D130101 FF040530 030101FF 
  301F0603 551D2304 18301680 147097E9 48028F53 EAD70035 B8B8945D ADC0D62D 
  72301D06 03551D0E 04160414 7097E948 028F53EA D70035B8 B8945DAD C0D62D72 
  300D0609 2A864886 F70D0101 05050003 82010100 477ED247 592C640A B277BA35 
  E41533CC 690BF5AD FAD87349 FE00E91F 46C139EA 94C010A3 ADA388E4 F69CF01F 
  543C0D8A 4D7C6D9F 25F33D54 92B28C60 EEE9994F 4E4EAD83 90F4DE5E 18DE8E56 
  4AC70923 AFB2F27B F23BD55D 778348D8 CEB18DFC 9FFAEA38 11E40810 84997370 
  277F0DE7 BCD54FD5 05EDF462 FF34EC1C 96FFDED5 84F11106 CA8806F2 6DE79AC3 
  5792D85D 89A8DD76 CF5BBB5E 85DD745C 8C0FF1EE 79076224 E5DB38E5 9E311D44 
  89A9DD02 333649CD 7B8C6EA8 BD5DC60C 3B637ED8 32D7F733 B428F184 FC9951FF 
  91FA2291 3B7EBD99 521348D1 2B9B9910 B65FAC0B 51E36145 DC0F65F0 D0159118 
  4EFA8429 EB28DDAD 3F5F3F41 FB4495B4 EAA88C0B
  	quit
crypto pki certificate chain TP-self-signed-1530096085
!
!
!
!
!
!
!
!
license udi pid CSR1000V sn 9EJ6XRW79ZN
license boot level ax
no license smart enable
diagnostic bootup level minimal
!
spanning-tree extend system-id
!
netconf-yang
!
restconf
!
username cisco privilege 15 secret 5 $1$aO1Y$0AFVz00ON.hE4WkY.BeYq.
username developer privilege 15 secret 5 $1$HtLC$7Kj3hGBoDnSHzdEeR/2ix.
username root privilege 15 secret 5 $1$vpY7$mh9d69ui3koSaITBi8k9D/
!
redundancy
!
!
!
!
!
!
cdp run
! 
!
!
!
!
!
!
!
!
!
!
!
!
! 
! 
!
!
interface Loopback0
 no ip address
!
interface Loopback74
 description Testing Golang RestConf
 ip address 74.74.74.1 255.255.255.255
!
interface Loopback101
 description Pod Number 1410
 ip address 10.10.10.1 255.255.255.0
!
interface Loopback103
 description Demo interface by CLI and netmiko
 ip address 192.168.103.1 255.255.255.0
!
interface Loopback172
 description Pod Number 72
 ip address 10.111.72.2 255.255.255.255
!
interface Loopback300
 description 300
 ip address 30.40.50.60 255.255.255.0
!
interface Loopback777
 description Configured by superstar
 ip address 1.16.1.1 255.255.255.0
!
interface Loopback99999
 description fffffff
 ip address 9.9.9.9 255.255.255.255
!
interface VirtualPortGroup0
 ip address 192.168.35.1 255.255.255.0
 ip nat inside
 no mop enabled
 no mop sysid
!
interface GigabitEthernet1
 description MANAGEMENT INTERFACE - DON'T TOUCH ME
 ip address 10.10.20.48 255.255.255.0
 ip nat outside
 negotiation auto
 no mop enabled
 no mop sysid
!
interface GigabitEthernet2
 description Configured by Jag_NETCONF
 ip address 10.255.255.1 255.255.255.0 secondary
 ip address 10.255.254.1 255.255.255.0
 negotiation auto
 no mop enabled
 no mop sysid
!
interface GigabitEthernet3
 description Network Interface
 ip address 30.0.0.1 255.255.255.0
 negotiation auto
 no mop enabled
 no mop sysid
!
interface GigabitEthernet3.1
 description testSerge
 encapsulation dot1Q 101
 ip address 101.0.1.1 255.255.255.0 secondary
 ip address 101.0.2.1 255.255.255.0 secondary
 ip address 101.0.0.1 255.255.255.0
!
router ospf 300
 router-id 3.1.1.1
 network 30.0.0.0 0.0.0.255 area 3
!
router ospf 100
 router-id 1.1.1.1
 network 10.0.0.0 0.0.0.255 area 0
!
router ospf 74
 router-id 74.74.74.1
 network 74.74.74.1 0.0.0.0 area 74
!
ip nat inside source list NAT_ACL interface GigabitEthernet1 overload
ip forward-protocol nd
ip http server
ip http authentication local
ip http secure-server
ip route 0.0.0.0 0.0.0.0 GigabitEthernet1 10.10.20.254
!
ip ssh rsa keypair-name ssh-key
ip ssh version 2
ip scp server enable
!
!
ip access-list standard NAT_ACL
 permit 192.168.0.0 0.0.255.255
!
!
!
!
control-plane
!
!
!
!
!
!
line con 0
 exec-timeout 0 0
 stopbits 1
line vty 0 4
 login local
 transport input ssh
!
!
!
!
!
!
!
end

csr1000v#
DEBUG:netmiko:write_channel: b'\n'
DEBUG:netmiko:read_channel: 
DEBUG:netmiko:read_channel: 
DEBUG:netmiko:write_channel: b'exit\n'
DEBUG:paramiko.transport:EOF in transport thread
DEBUG:netmiko:read_channel: 
csr1000v#
DEBUG:netmiko:read_channel: 
DEBUG:netmiko:read_channel: 
DEBUG:netmiko:write_channel: b'exit\n'
DEBUG:paramiko.transport:EOF in transport thread
